2026-06-10 15:38:36,596 - aqt.helper - DEBUG - helper 37180 Attempt to download checksum at https://download.qt.io/online/qtsdkrepository/windows_x86/desktop/qt6_683/qt6_683/Updates.xml.sha256
2026-06-10 15:39:42,964 - aqt.helper - DEBUG - helper 44560 Attempt to download checksum at https://download.qt.io/online/qtsdkrepository/windows_x86/desktop/qt6_683/qt6_683/Updates.xml.sha256
2026-06-10 15:39:50,152 - aqt.helper - DEBUG - helper 44560 Attempt to download checksum at https://download.qt.io/online/qtsdkrepository/windows_x86/extensions/qtpdf/683/mingw/Updates.xml.sha256
2026-06-10 15:39:53,384 - aqt.helper - DEBUG - helper 44560 Attempt to download checksum at https://download.qt.io/online/qtsdkrepository/windows_x86/extensions/qtwebengine/683/mingw/Updates.xml.sha256
2026-06-10 15:39:55,239 - aqt.helper - DEBUG - helper 44560 Attempt to download checksum at https://download.qt.io/online/qtsdkrepository/windows_x86/extensions/qtwebengine/683/mingw/Updates.xml.sha256
2026-06-10 15:39:57,101 - aqt.helper - DEBUG - helper 44560 Attempt to download checksum at https://download.qt.io/online/qtsdkrepository/windows_x86/extensions/qtwebengine/683/mingw/Updates.xml.sha256
2026-06-10 15:39:58,843 - aqt.helper - DEBUG - helper 44560 Attempt to download checksum at https://download.qt.io/online/qtsdkrepository/windows_x86/extensions/qtwebengine/683/mingw/Updates.xml.sha256
2026-06-10 15:40:00,583 - aqt.helper - DEBUG - helper 44560 Attempt to download checksum at https://download.qt.io/online/qtsdkrepository/windows_x86/extensions/qtwebengine/683/mingw/Updates.xml.sha256
2026-06-10 15:40:46,123 - aqt.helper - DEBUG - helper 44540 Attempt to download checksum at https://download.qt.io/online/qtsdkrepository/windows_x86/desktop/qt6_683/qt6_683/Updates.xml.sha256
2026-06-10 15:43:28,989 - aqt.main - INFO - installer 38584 aqtinstall(aqt) v3.3.0 on Python 3.13.7 [CPython MSC v.1944 64 bit (AMD64)]
2026-06-10 15:43:28,990 - aqt.helper - DEBUG - helper 38584 Attempt to download checksum at https://download.qt.io/online/qtsdkrepository/windows_x86/desktop/qt6_683/qt6_683/Updates.xml.sha256
2026-06-10 15:43:32,969 - aqt.helper - DEBUG - helper 38584 Attempt to download checksum at https://download.qt.io/online/qtsdkrepository/windows_x86/extensions/qtwebengine/683/mingw/Updates.xml.sha256
2026-06-10 15:43:34,709 - aqt.helper - DEBUG - helper 38584 Attempt to download checksum at https://download.qt.io/online/qtsdkrepository/windows_x86/extensions/qtwebengine/683/mingw/Updates.xml.sha256
2026-06-10 15:43:36,075 - aqt.helper - DEBUG - helper 38584 Attempt to download checksum at https://download.qt.io/online/qtsdkrepository/windows_x86/extensions/qtwebengine/683/mingw/Updates.xml.sha256
2026-06-10 15:43:37,575 - aqt.helper - DEBUG - helper 38584 Attempt to download checksum at https://download.qt.io/online/qtsdkrepository/windows_x86/extensions/qtwebengine/683/mingw/Updates.xml.sha256
2026-06-10 15:43:39,071 - aqt.helper - DEBUG - helper 38584 Attempt to download checksum at https://download.qt.io/online/qtsdkrepository/windows_x86/extensions/qtwebengine/683/mingw/Updates.xml.sha256
2026-06-10 15:43:44,743 - aqt.helper - DEBUG - helper 38584 Attempt to download checksum at https://download.qt.io/online/qtsdkrepository/windows_x86/extensions/qtpdf/683/mingw/Updates.xml.sha256
2026-06-10 15:43:48,368 - aqt.archives - INFO - archives 38584 Found extension qtpdf
2026-06-10 15:43:48,382 - aqt.installer - INFO - installer 38584 DRY RUN: Would download and install the following:
2026-06-10 15:43:48,382 - aqt.installer - INFO - installer 38584   - qtcharts: online/qtsdkrepository/windows_x86/desktop/qt6_683/qt6_683/qt.qt6.683.addons.qtcharts.win64_mingw/6.8.3-0-202503201308qtcharts-Windows-Windows_10_22H2-Mingw-Windows-Windows_10_22H2-X86_64.7z -> 6.8.3/mingw_64
2026-06-10 15:43:48,383 - aqt.installer - INFO - installer 38584   - qtbase: online/qtsdkrepository/windows_x86/desktop/qt6_683/qt6_683/qt.qt6.683.win64_mingw/6.8.3-0-202503201308qtbase-Windows-Windows_10_22H2-Mingw-Windows-Windows_10_22H2-X86_64.7z -> 6.8.3/mingw_64
2026-06-10 15:43:48,383 - aqt.installer - INFO - installer 38584   - qtsvg: online/qtsdkrepository/windows_x86/desktop/qt6_683/qt6_683/qt.qt6.683.win64_mingw/6.8.3-0-202503201308qtsvg-Windows-Windows_10_22H2-Mingw-Windows-Windows_10_22H2-X86_64.7z -> 6.8.3/mingw_64
2026-06-10 15:43:48,383 - aqt.installer - INFO - installer 38584   - qtdeclarative: online/qtsdkrepository/windows_x86/desktop/qt6_683/qt6_683/qt.qt6.683.win64_mingw/6.8.3-0-202503201308qtdeclarative-Windows-Windows_10_22H2-Mingw-Windows-Windows_10_22H2-X86_64.7z -> 6.8.3/mingw_64
2026-06-10 15:43:48,383 - aqt.installer - INFO - installer 38584   - qttools: online/qtsdkrepository/windows_x86/desktop/qt6_683/qt6_683/qt.qt6.683.win64_mingw/6.8.3-0-202503201308qttools-Windows-Windows_10_22H2-Mingw-Windows-Windows_10_22H2-X86_64.7z -> 6.8.3/mingw_64
2026-06-10 15:43:48,383 - aqt.installer - INFO - installer 38584   - qttranslations: online/qtsdkrepository/windows_x86/desktop/qt6_683/qt6_683/qt.qt6.683.win64_mingw/6.8.3-0-202503201308qttranslations-Windows-Windows_10_22H2-Mingw-Windows-Windows_10_22H2-X86_64.7z -> 6.8.3/mingw_64
2026-06-10 15:43:48,383 - aqt.installer - INFO - installer 38584   - MinGW: online/qtsdkrepository/windows_x86/desktop/qt6_683/qt6_683/qt.qt6.683.win64_mingw/6.8.3-0-202503201308MinGW-w64-x86_64-13.1.0-release-posix-seh-msvcrt-rt_v11-rev1-runtime.7z -> 6.8.3/mingw_64/bin
2026-06-10 15:43:48,383 - aqt.installer - INFO - installer 38584   - d3dcompiler_47: online/qtsdkrepository/windows_x86/desktop/qt6_683/qt6_683/qt.qt6.683.win64_mingw/6.8.3-0-202503201308d3dcompiler_47-x64.7z -> 6.8.3/mingw_64/bin
2026-06-10 15:43:48,383 - aqt.installer - INFO - installer 38584   - opengl32sw: online/qtsdkrepository/windows_x86/desktop/qt6_683/qt6_683/qt.qt6.683.win64_mingw/6.8.3-0-202503201308opengl32sw-64-mesa_11_2_2-signed_sha256.7z -> 6.8.3/mingw_64/bin
2026-06-10 15:43:48,383 - aqt.installer - INFO - installer 38584 Total packages: 9
2026-06-10 15:45:20,606 - aqt.main - INFO - installer 44152 aqtinstall(aqt) v3.3.0 on Python 3.13.7 [CPython MSC v.1944 64 bit (AMD64)]
2026-06-10 15:45:20,606 - aqt.helper - DEBUG - helper 44152 Attempt to download checksum at https://download.qt.io/online/qtsdkrepository/windows_x86/desktop/qt6_683/qt6_683/Updates.xml.sha256
2026-06-10 15:45:24,896 - aqt.helper - DEBUG - helper 44152 Attempt to download checksum at https://download.qt.io/online/qtsdkrepository/windows_x86/extensions/qtwebengine/683/mingw/Updates.xml.sha256
2026-06-10 15:45:26,506 - aqt.helper - DEBUG - helper 44152 Attempt to download checksum at https://download.qt.io/online/qtsdkrepository/windows_x86/extensions/qtwebengine/683/mingw/Updates.xml.sha256
2026-06-10 15:45:28,171 - aqt.helper - DEBUG - helper 44152 Attempt to download checksum at https://download.qt.io/online/qtsdkrepository/windows_x86/extensions/qtwebengine/683/mingw/Updates.xml.sha256
2026-06-10 15:45:30,015 - aqt.helper - DEBUG - helper 44152 Attempt to download checksum at https://download.qt.io/online/qtsdkrepository/windows_x86/extensions/qtwebengine/683/mingw/Updates.xml.sha256
2026-06-10 15:45:31,756 - aqt.helper - DEBUG - helper 44152 Attempt to download checksum at https://download.qt.io/online/qtsdkrepository/windows_x86/extensions/qtwebengine/683/mingw/Updates.xml.sha256
2026-06-10 15:45:33,496 - aqt.helper - DEBUG - helper 44152 Attempt to download checksum at https://download.qt.io/online/qtsdkrepository/windows_x86/extensions/qtpdf/683/mingw/Updates.xml.sha256
2026-06-10 15:45:37,049 - aqt.archives - INFO - archives 44152 Found extension qtpdf
2026-06-10 15:45:37,851 - aqt.helper - DEBUG - helper 31724 Attempt to download checksum at https://download.qt.io/online/qtsdkrepository/windows_x86/desktop/qt6_683/qt6_683/qt.qt6.683.addons.qtcharts.win64_mingw/6.8.3-0-202503201308qtcharts-Windows-Windows_10_22H2-Mingw-Windows-Windows_10_22H2-X86_64.7z.sha256
2026-06-10 15:45:37,853 - aqt.helper - DEBUG - helper 31308 Attempt to download checksum at https://download.qt.io/online/qtsdkrepository/windows_x86/desktop/qt6_683/qt6_683/qt.qt6.683.win64_mingw/6.8.3-0-202503201308qtbase-Windows-Windows_10_22H2-Mingw-Windows-Windows_10_22H2-X86_64.7z.sha256
2026-06-10 15:45:37,861 - aqt.helper - DEBUG - helper 44944 Attempt to download checksum at https://download.qt.io/online/qtsdkrepository/windows_x86/desktop/qt6_683/qt6_683/qt.qt6.683.win64_mingw/6.8.3-0-202503201308qtsvg-Windows-Windows_10_22H2-Mingw-Windows-Windows_10_22H2-X86_64.7z.sha256
2026-06-10 15:45:37,863 - aqt.helper - DEBUG - helper 6680 Attempt to download checksum at https://download.qt.io/online/qtsdkrepository/windows_x86/desktop/qt6_683/qt6_683/qt.qt6.683.win64_mingw/6.8.3-0-202503201308qtdeclarative-Windows-Windows_10_22H2-Mingw-Windows-Windows_10_22H2-X86_64.7z.sha256
2026-06-10 15:45:39,538 - aqt.helper - INFO - helper 31724 Downloading qtcharts...
2026-06-10 15:45:39,539 - aqt.installer - DEBUG - installer 31724 Download URL: https://download.qt.io/online/qtsdkrepository/windows_x86/desktop/qt6_683/qt6_683/qt.qt6.683.addons.qtcharts.win64_mingw/6.8.3-0-202503201308qtcharts-Windows-Windows_10_22H2-Mingw-Windows-Windows_10_22H2-X86_64.7z
2026-06-10 15:45:39,553 - aqt.helper - INFO - helper 6680 Downloading qtdeclarative...
2026-06-10 15:45:39,553 - aqt.installer - DEBUG - installer 6680 Download URL: https://download.qt.io/online/qtsdkrepository/windows_x86/desktop/qt6_683/qt6_683/qt.qt6.683.win64_mingw/6.8.3-0-202503201308qtdeclarative-Windows-Windows_10_22H2-Mingw-Windows-Windows_10_22H2-X86_64.7z
2026-06-10 15:45:39,640 - aqt.helper - INFO - helper 31308 Downloading qtbase...
2026-06-10 15:45:39,640 - aqt.installer - DEBUG - installer 31308 Download URL: https://download.qt.io/online/qtsdkrepository/windows_x86/desktop/qt6_683/qt6_683/qt.qt6.683.win64_mingw/6.8.3-0-202503201308qtbase-Windows-Windows_10_22H2-Mingw-Windows-Windows_10_22H2-X86_64.7z
2026-06-10 15:45:39,743 - aqt.helper - INFO - helper 44944 Downloading qtsvg...
2026-06-10 15:45:39,743 - aqt.installer - DEBUG - installer 44944 Download URL: https://download.qt.io/online/qtsdkrepository/windows_x86/desktop/qt6_683/qt6_683/qt.qt6.683.win64_mingw/6.8.3-0-202503201308qtsvg-Windows-Windows_10_22H2-Mingw-Windows-Windows_10_22H2-X86_64.7z
2026-06-10 15:45:41,073 - aqt.helper - DEBUG - helper 31724 Asked to redirect(302) to: https://mirrors.sau.edu.cn/qt/online/qtsdkrepository/windows_x86/desktop/qt6_683/qt6_683/qt.qt6.683.addons.qtcharts.win64_mingw/6.8.3-0-202503201308qtcharts-Windows-Windows_10_22H2-Mingw-Windows-Windows_10_22H2-X86_64.7z
2026-06-10 15:45:41,074 - aqt.helper - INFO - helper 31724 Redirected: mirrors.sau.edu.cn
2026-06-10 15:45:41,386 - aqt.helper - DEBUG - helper 31308 Asked to redirect(302) to: https://mirrors.sau.edu.cn/qt/online/qtsdkrepository/windows_x86/desktop/qt6_683/qt6_683/qt.qt6.683.win64_mingw/6.8.3-0-202503201308qtbase-Windows-Windows_10_22H2-Mingw-Windows-Windows_10_22H2-X86_64.7z
4.7z
2026-06-10 15:45:41,386 - aqt.helper - INFO - helper 6680 Redirected: mirrors.sau.edu.cn
2026-06-10 15:45:41,386 - aqt.helper - INFO - helper 31308 Redirected: mirrors.sau.edu.cn
2026-06-10 15:45:41,435 - aqt.helper - DEBUG - helper 44944 Asked to redirect(302) to: https://mirrors.sau.edu.cn/qt/online/qtsdkrepository/windows_x86/desktop/qt6_683/qt6_683/qt.qt6.683.win64_mingw/6.8.3-0-202503201308qtsvg-Windows-Windows_10_22H2-Mingw-Windows-Windows_10_22H2-X86_64.7z
2026-06-10 15:45:41,435 - aqt.helper - INFO - helper 44944 Redirected: mirrors.sau.edu.cn
2026-06-10 15:45:44,086 - aqt.installer - INFO - installer 44944 Finished installation of qtsvg-Windows-Windows_10_22H2-Mingw-Windows-Windows_10_22H2-X86_64.7z in 6.22707090
2026-06-10 15:45:44,097 - aqt.helper - DEBUG - helper 44944 Attempt to download checksum at https://download.qt.io/online/qtsdkrepository/windows_x86/desktop/qt6_683/qt6_683/qt.qt6.683.win64_mingw/6.8.3-0-202503201308qttools-Windows-Windows_10_22H2-Mingw-Windows-Windows_10_22H2-X86_64.7z.sha256
2026-06-10 15:45:45,278 - aqt.installer - INFO - installer 31724 Finished installation of qtcharts-Windows-Windows_10_22H2-Mingw-Windows-Windows_10_22H2-X86_64.7z in 7.42966390
2026-06-10 15:45:45,290 - aqt.helper - DEBUG - helper 31724 Attempt to download checksum at https://download.qt.io/online/qtsdkrepository/windows_x86/desktop/qt6_683/qt6_683/qt.qt6.683.win64_mingw/6.8.3-0-202503201308qttranslations-Windows-Windows_10_22H2-Mingw-Windows-Windows_10_22H2-X86_64.7z.sha256
2026-06-10 15:45:46,041 - aqt.helper - INFO - helper 44944 Downloading qttools...
2026-06-10 15:45:46,041 - aqt.installer - DEBUG - installer 44944 Download URL: https://download.qt.io/online/qtsdkrepository/windows_x86/desktop/qt6_683/qt6_683/qt.qt6.683.win64_mingw/6.8.3-0-202503201308qttools-Windows-Windows_10_22H2-Mingw-Windows-Windows_10_22H2-X86_64.7z
2026-06-10 15:45:46,778 - aqt.helper - INFO - helper 31724 Downloading qttranslations...
2026-06-10 15:45:46,778 - aqt.installer - DEBUG - installer 31724 Download URL: https://download.qt.io/online/qtsdkrepository/windows_x86/desktop/qt6_683/qt6_683/qt.qt6.683.win64_mingw/6.8.3-0-202503201308qttranslations-Windows-Windows_10_22H2-Mingw-Windows-Windows_10_22H2-X86_64.7z
2026-06-10 15:45:47,593 - aqt.helper - DEBUG - helper 44944 Asked to redirect(302) to: https://mirrors.sau.edu.cn/qt/online/qtsdkrepository/windows_x86/desktop/qt6_683/qt6_683/qt.qt6.683.win64_mingw/6.8.3-0-202503201308qttools-Windows-Windows_10_22H2-Mingw-Windows-Windows_10_22H2-X86_64.7z
2026-06-10 15:45:47,593 - aqt.helper - INFO - helper 44944 Redirected: mirrors.sau.edu.cn
2026-06-10 15:45:48,103 - aqt.helper - DEBUG - helper 31724 Asked to redirect(302) to: https://mirrors.sau.edu.cn/qt/online/qtsdkrepository/windows_x86/desktop/qt6_683/qt6_683/qt.qt6.683.win64_mingw/6.8.3-0-202503201308qttranslations-Windows-Windows_10_22H2-Mingw-Windows-Windows_10_22H2-X86_64.7z
2026-06-10 15:45:48,103 - aqt.helper - INFO - helper 31724 Redirected: mirrors.sau.edu.cn
2026-06-10 15:45:51,426 - aqt.installer - INFO - installer 31724 Finished installation of qttranslations-Windows-Windows_10_22H2-Mingw-Windows-Windows_10_22H2-X86_64.7z in 6.13842980
2026-06-10 15:45:51,438 - aqt.helper - DEBUG - helper 31724 Attempt to download checksum at https://download.qt.io/online/qtsdkrepository/windows_x86/desktop/qt6_683/qt6_683/qt.qt6.683.win64_mingw/6.8.3-0-202503201308MinGW-w64-x86_64-13.1.0-release-posix-seh-msvcrt-rt_v11-rev1-runtime.7z.sha256
2026-06-10 15:45:52,936 - aqt.helper - INFO - helper 31724 Downloading MinGW...
2026-06-10 15:45:52,937 - aqt.installer - DEBUG - installer 31724 Download URL: https://download.qt.io/online/qtsdkrepository/windows_x86/desktop/qt6_683/qt6_683/qt.qt6.683.win64_mingw/6.8.3-0-202503201308MinGW-w64-x86_64-13.1.0-release-posix-seh-msvcrt-rt_v11-rev1-runtime.7z
2026-06-10 15:45:54,530 - aqt.helper - DEBUG - helper 31724 Asked to redirect(302) to: https://mirrors.sau.edu.cn/qt/online/qtsdkrepository/windows_x86/desktop/qt6_683/qt6_683/qt.qt6.683.win64_mingw/6.8.3-0-202503201308MinGW-w64-x86_64-13.1.0-release-posix-seh-msvcrt-rt_v11-rev1-runtime.7z
2026-06-10 15:45:54,531 - aqt.helper - INFO - helper 31724 Redirected: mirrors.sau.edu.cn
2026-06-10 15:45:56,210 - aqt.installer - INFO - installer 31724 Finished installation of MinGW-w64-x86_64-13.1.0-release-posix-seh-msvcrt-rt_v11-rev1-runtime.7z in 4.77396970
2026-06-10 15:45:56,220 - aqt.helper - DEBUG - helper 31724 Attempt to download checksum at https://download.qt.io/online/qtsdkrepository/windows_x86/desktop/qt6_683/qt6_683/qt.qt6.683.win64_mingw/6.8.3-0-202503201308d3dcompiler_47-x64.7z.sha256
2026-06-10 15:45:57,733 - aqt.helper - INFO - helper 31724 Downloading d3dcompiler_47...
2026-06-10 15:45:57,733 - aqt.installer - DEBUG - installer 31724 Download URL: https://download.qt.io/online/qtsdkrepository/windows_x86/desktop/qt6_683/qt6_683/qt.qt6.683.win64_mingw/6.8.3-0-202503201308d3dcompiler_47-x64.7z
2026-06-10 15:45:59,282 - aqt.helper - DEBUG - helper 31724 Asked to redirect(302) to: https://mirrors.sau.edu.cn/qt/online/qtsdkrepository/windows_x86/desktop/qt6_683/qt6_683/qt.qt6.683.win64_mingw/6.8.3-0-202503201308d3dcompiler_47-x64.7z
2026-06-10 15:45:59,282 - aqt.helper - INFO - helper 31724 Redirected: mirrors.sau.edu.cn
2026-06-10 15:46:02,991 - aqt.installer - INFO - installer 31724 Finished installation of d3dcompiler_47-x64.7z in 6.77317030
2026-06-10 15:46:03,467 - aqt.helper - DEBUG - helper 22272 Attempt to download checksum at https://download.qt.io/online/qtsdkrepository/windows_x86/desktop/qt6_683/qt6_683/qt.qt6.683.win64_mingw/6.8.3-0-202503201308opengl32sw-64-mesa_11_2_2-signed_sha256.7z.sha256
2026-06-10 15:46:04,994 - aqt.helper - INFO - helper 22272 Downloading opengl32sw...
2026-06-10 15:46:04,994 - aqt.installer - DEBUG - installer 22272 Download URL: https://download.qt.io/online/qtsdkrepository/windows_x86/desktop/qt6_683/qt6_683/qt.qt6.683.win64_mingw/6.8.3-0-202503201308opengl32sw-64-mesa_11_2_2-signed_sha256.7z
2026-06-10 15:46:06,434 - aqt.helper - DEBUG - helper 22272 Asked to redirect(302) to: https://mirrors.sau.edu.cn/qt/online/qtsdkrepository/windows_x86/desktop/qt6_683/qt6_683/qt.qt6.683.win64_mingw/6.8.3-0-202503201308opengl32sw-64-mesa_11_2_2-signed_sha256.7z
2026-06-10 15:46:06,434 - aqt.helper - INFO - helper 22272 Redirected: mirrors.sau.edu.cn
2026-06-10 15:46:17,284 - aqt.installer - INFO - installer 22272 Finished installation of opengl32sw-64-mesa_11_2_2-signed_sha256.7z in 13.81973210
2026-06-10 15:46:22,462 - aqt.installer - INFO - installer 31308 Finished installation of qtbase-Windows-Windows_10_22H2-Mingw-Windows-Windows_10_22H2-X86_64.7z in 44.61221380
2026-06-10 15:46:30,577 - aqt.installer - INFO - installer 44944 Finished installation of qttools-Windows-Windows_10_22H2-Mingw-Windows-Windows_10_22H2-X86_64.7z in 46.48302090
2026-06-10 15:48:27,524 - aqt.installer - INFO - installer 6680 Finished installation of qtdeclarative-Windows-Windows_10_22H2-Mingw-Windows-Windows_10_22H2-X86_64.7z in 169.66404690
2026-06-10 15:48:27,956 - aqt.updater - INFO - updater 44152 Patching C:\Qt\6.8.3\mingw_64\bin\qmake.exe
2026-06-10 15:48:27,961 - aqt.updater - INFO - updater 44152 Patching C:\Qt\6.8.3\mingw_64\lib\pkgconfig\Qt6Charts.pc
2026-06-10 15:48:27,968 - aqt.updater - INFO - updater 44152 Patching C:\Qt\6.8.3\mingw_64\lib\pkgconfig\Qt6ChartsQml.pc
2026-06-10 15:48:27,975 - aqt.updater - INFO - updater 44152 Patching C:\Qt\6.8.3\mingw_64\lib\pkgconfig\Qt6Concurrent.pc
2026-06-10 15:48:27,981 - aqt.updater - INFO - updater 44152 Patching C:\Qt\6.8.3\mingw_64\lib\pkgconfig\Qt6Core.pc
2026-06-10 15:48:27,987 - aqt.updater - INFO - updater 44152 Patching C:\Qt\6.8.3\mingw_64\lib\pkgconfig\Qt6DBus.pc
2026-06-10 15:48:27,993 - aqt.updater - INFO - updater 44152 Patching C:\Qt\6.8.3\mingw_64\lib\pkgconfig\Qt6Designer.pc
2026-06-10 15:48:27,999 - aqt.updater - INFO - updater 44152 Patching C:\Qt\6.8.3\mingw_64\lib\pkgconfig\Qt6Gui.pc
2026-06-10 15:48:28,007 - aqt.updater - INFO - updater 44152 Patching C:\Qt\6.8.3\mingw_64\lib\pkgconfig\Qt6Help.pc
2026-06-10 15:48:28,013 - aqt.updater - INFO - updater 44152 Patching C:\Qt\6.8.3\mingw_64\lib\pkgconfig\Qt6LabsAnimation.pc
2026-06-10 15:48:28,019 - aqt.updater - INFO - updater 44152 Patching C:\Qt\6.8.3\mingw_64\lib\pkgconfig\Qt6LabsFolderListModel.pc
2026-06-10 15:48:28,026 - aqt.updater - INFO - updater 44152 Patching C:\Qt\6.8.3\mingw_64\lib\pkgconfig\Qt6LabsPlatform.pc
2026-06-10 15:48:28,032 - aqt.updater - INFO - updater 44152 Patching C:\Qt\6.8.3\mingw_64\lib\pkgconfig\Qt6LabsQmlModels.pc
2026-06-10 15:48:28,038 - aqt.updater - INFO - updater 44152 Patching C:\Qt\6.8.3\mingw_64\lib\pkgconfig\Qt6LabsSettings.pc
2026-06-10 15:48:28,044 - aqt.updater - INFO - updater 44152 Patching C:\Qt\6.8.3\mingw_64\lib\pkgconfig\Qt6LabsSharedImage.pc
2026-06-10 15:48:28,050 - aqt.updater - INFO - updater 44152 Patching C:\Qt\6.8.3\mingw_64\lib\pkgconfig\Qt6LabsWavefrontMesh.pc
2026-06-10 15:48:28,056 - aqt.updater - INFO - updater 44152 Patching C:\Qt\6.8.3\mingw_64\lib\pkgconfig\Qt6Linguist.pc
2026-06-10 15:48:28,063 - aqt.updater - INFO - updater 44152 Patching C:\Qt\6.8.3\mingw_64\lib\pkgconfig\Qt6Network.pc
2026-06-10 15:48:28,069 - aqt.updater - INFO - updater 44152 Patching C:\Qt\6.8.3\mingw_64\lib\pkgconfig\Qt6OpenGL.pc
2026-06-10 15:48:28,075 - aqt.updater - INFO - updater 44152 Patching C:\Qt\6.8.3\mingw_64\lib\pkgconfig\Qt6OpenGLWidgets.pc
2026-06-10 15:48:28,081 - aqt.updater - INFO - updater 44152 Patching C:\Qt\6.8.3\mingw_64\lib\pkgconfig\Qt6Platform.pc
2026-06-10 15:48:28,088 - aqt.updater - INFO - updater 44152 Patching C:\Qt\6.8.3\mingw_64\lib\pkgconfig\Qt6PrintSupport.pc
2026-06-10 15:48:28,097 - aqt.updater - INFO - updater 44152 Patching C:\Qt\6.8.3\mingw_64\lib\pkgconfig\Qt6Qml.pc
2026-06-10 15:48:28,106 - aqt.updater - INFO - updater 44152 Patching C:\Qt\6.8.3\mingw_64\lib\pkgconfig\Qt6QmlAssetDownloader.pc
2026-06-10 15:48:28,115 - aqt.updater - INFO - updater 44152 Patching C:\Qt\6.8.3\mingw_64\lib\pkgconfig\Qt6QmlCompiler.pc
2026-06-10 15:48:28,122 - aqt.updater - INFO - updater 44152 Patching C:\Qt\6.8.3\mingw_64\lib\pkgconfig\Qt6QmlCore.pc
2026-06-10 15:48:28,129 - aqt.updater - INFO - updater 44152 Patching C:\Qt\6.8.3\mingw_64\lib\pkgconfig\Qt6QmlIntegration.pc
2026-06-10 15:48:28,135 - aqt.updater - INFO - updater 44152 Patching C:\Qt\6.8.3\mingw_64\lib\pkgconfig\Qt6QmlLocalStorage.pc
2026-06-10 15:48:28,141 - aqt.updater - INFO - updater 44152 Patching C:\Qt\6.8.3\mingw_64\lib\pkgconfig\Qt6QmlMeta.pc
2026-06-10 15:48:28,148 - aqt.updater - INFO - updater 44152 Patching C:\Qt\6.8.3\mingw_64\lib\pkgconfig\Qt6QmlModels.pc
2026-06-10 15:48:28,154 - aqt.updater - INFO - updater 44152 Patching C:\Qt\6.8.3\mingw_64\lib\pkgconfig\Qt6QmlNetwork.pc
2026-06-10 15:48:28,161 - aqt.updater - INFO - updater 44152 Patching C:\Qt\6.8.3\mingw_64\lib\pkgconfig\Qt6QmlWorkerScript.pc
2026-06-10 15:48:28,168 - aqt.updater - INFO - updater 44152 Patching C:\Qt\6.8.3\mingw_64\lib\pkgconfig\Qt6QmlXmlListModel.pc
2026-06-10 15:48:28,174 - aqt.updater - INFO - updater 44152 Patching C:\Qt\6.8.3\mingw_64\lib\pkgconfig\Qt6Quick.pc
2026-06-10 15:48:28,180 - aqt.updater - INFO - updater 44152 Patching C:\Qt\6.8.3\mingw_64\lib\pkgconfig\Qt6QuickControls2.pc
2026-06-10 15:48:28,187 - aqt.updater - INFO - updater 44152 Patching C:\Qt\6.8.3\mingw_64\lib\pkgconfig\Qt6QuickControls2Basic.pc
2026-06-10 15:48:28,193 - aqt.updater - INFO - updater 44152 Patching C:\Qt\6.8.3\mingw_64\lib\pkgconfig\Qt6QuickControls2BasicStyleImpl.pc
2026-06-10 15:48:28,201 - aqt.updater - INFO - updater 44152 Patching C:\Qt\6.8.3\mingw_64\lib\pkgconfig\Qt6QuickControls2FluentWinUI3StyleImpl.pc
2026-06-10 15:48:28,207 - aqt.updater - INFO - updater 44152 Patching C:\Qt\6.8.3\mingw_64\lib\pkgconfig\Qt6QuickControls2Fusion.pc
2026-06-10 15:48:28,213 - aqt.updater - INFO - updater 44152 Patching C:\Qt\6.8.3\mingw_64\lib\pkgconfig\Qt6QuickControls2FusionStyleImpl.pc
2026-06-10 15:48:28,220 - aqt.updater - INFO - updater 44152 Patching C:\Qt\6.8.3\mingw_64\lib\pkgconfig\Qt6QuickControls2Imagine.pc
2026-06-10 15:48:28,228 - aqt.updater - INFO - updater 44152 Patching C:\Qt\6.8.3\mingw_64\lib\pkgconfig\Qt6QuickControls2ImagineStyleImpl.pc
2026-06-10 15:48:28,235 - aqt.updater - INFO - updater 44152 Patching C:\Qt\6.8.3\mingw_64\lib\pkgconfig\Qt6QuickControls2Impl.pc
2026-06-10 15:48:28,242 - aqt.updater - INFO - updater 44152 Patching C:\Qt\6.8.3\mingw_64\lib\pkgconfig\Qt6QuickControls2Material.pc
2026-06-10 15:48:28,249 - aqt.updater - INFO - updater 44152 Patching C:\Qt\6.8.3\mingw_64\lib\pkgconfig\Qt6QuickControls2MaterialStyleImpl.pc
2026-06-10 15:48:28,258 - aqt.updater - INFO - updater 44152 Patching C:\Qt\6.8.3\mingw_64\lib\pkgconfig\Qt6QuickControls2Universal.pc
2026-06-10 15:48:28,264 - aqt.updater - INFO - updater 44152 Patching C:\Qt\6.8.3\mingw_64\lib\pkgconfig\Qt6QuickControls2UniversalStyleImpl.pc
2026-06-10 15:48:28,271 - aqt.updater - INFO - updater 44152 Patching C:\Qt\6.8.3\mingw_64\lib\pkgconfig\Qt6QuickControls2WindowsStyleImpl.pc
2026-06-10 15:48:28,278 - aqt.updater - INFO - updater 44152 Patching C:\Qt\6.8.3\mingw_64\lib\pkgconfig\Qt6QuickDialogs2.pc
2026-06-10 15:48:28,286 - aqt.updater - INFO - updater 44152 Patching C:\Qt\6.8.3\mingw_64\lib\pkgconfig\Qt6QuickDialogs2QuickImpl.pc
2026-06-10 15:48:28,293 - aqt.updater - INFO - updater 44152 Patching C:\Qt\6.8.3\mingw_64\lib\pkgconfig\Qt6QuickDialogs2Utils.pc
2026-06-10 15:48:28,300 - aqt.updater - INFO - updater 44152 Patching C:\Qt\6.8.3\mingw_64\lib\pkgconfig\Qt6QuickLayouts.pc
2026-06-10 15:48:28,307 - aqt.updater - INFO - updater 44152 Patching C:\Qt\6.8.3\mingw_64\lib\pkgconfig\Qt6QuickTemplates2.pc
2026-06-10 15:48:28,313 - aqt.updater - INFO - updater 44152 Patching C:\Qt\6.8.3\mingw_64\lib\pkgconfig\Qt6QuickTest.pc
2026-06-10 15:48:28,320 - aqt.updater - INFO - updater 44152 Patching C:\Qt\6.8.3\mingw_64\lib\pkgconfig\Qt6QuickVectorImage.pc
2026-06-10 15:48:28,326 - aqt.updater - INFO - updater 44152 Patching C:\Qt\6.8.3\mingw_64\lib\pkgconfig\Qt6QuickWidgets.pc
2026-06-10 15:48:28,333 - aqt.updater - INFO - updater 44152 Patching C:\Qt\6.8.3\mingw_64\lib\pkgconfig\Qt6Sql.pc
2026-06-10 15:48:28,339 - aqt.updater - INFO - updater 44152 Patching C:\Qt\6.8.3\mingw_64\lib\pkgconfig\Qt6Svg.pc
2026-06-10 15:48:28,345 - aqt.updater - INFO - updater 44152 Patching C:\Qt\6.8.3\mingw_64\lib\pkgconfig\Qt6SvgWidgets.pc
2026-06-10 15:48:28,352 - aqt.updater - INFO - updater 44152 Patching C:\Qt\6.8.3\mingw_64\lib\pkgconfig\Qt6Test.pc
2026-06-10 15:48:28,359 - aqt.updater - INFO - updater 44152 Patching C:\Qt\6.8.3\mingw_64\lib\pkgconfig\Qt6UiPlugin.pc
2026-06-10 15:48:28,367 - aqt.updater - INFO - updater 44152 Patching C:\Qt\6.8.3\mingw_64\lib\pkgconfig\Qt6UiTools.pc
2026-06-10 15:48:28,374 - aqt.updater - INFO - updater 44152 Patching C:\Qt\6.8.3\mingw_64\lib\pkgconfig\Qt6Widgets.pc
2026-06-10 15:48:28,380 - aqt.updater - INFO - updater 44152 Patching C:\Qt\6.8.3\mingw_64\lib\pkgconfig\Qt6Xml.pc
2026-06-10 15:48:28,389 - aqt.updater - INFO - updater 44152 Patching C:\Qt\6.8.3\mingw_64\lib\Qt6Charts.prl
2026-06-10 15:48:28,396 - aqt.updater - INFO - updater 44152 Patching C:\Qt\6.8.3\mingw_64\lib\Qt6ChartsQml.prl
2026-06-10 15:48:28,403 - aqt.updater - INFO - updater 44152 Patching C:\Qt\6.8.3\mingw_64\lib\Qt6Concurrent.prl
2026-06-10 15:48:28,410 - aqt.updater - INFO - updater 44152 Patching C:\Qt\6.8.3\mingw_64\lib\Qt6Core.prl
2026-06-10 15:48:28,417 - aqt.updater - INFO - updater 44152 Patching C:\Qt\6.8.3\mingw_64\lib\Qt6DBus.prl
2026-06-10 15:48:28,422 - aqt.updater - INFO - updater 44152 Patching C:\Qt\6.8.3\mingw_64\lib\Qt6Designer.prl
2026-06-10 15:48:28,428 - aqt.updater - INFO - updater 44152 Patching C:\Qt\6.8.3\mingw_64\lib\Qt6DesignerComponents.prl
2026-06-10 15:48:28,434 - aqt.updater - INFO - updater 44152 Patching C:\Qt\6.8.3\mingw_64\lib\Qt6DeviceDiscoverySupport.prl
2026-06-10 15:48:28,439 - aqt.updater - INFO - updater 44152 Patching C:\Qt\6.8.3\mingw_64\lib\Qt6EntryPoint.prl
2026-06-10 15:48:28,445 - aqt.updater - INFO - updater 44152 Patching C:\Qt\6.8.3\mingw_64\lib\Qt6ExampleIcons.prl
2026-06-10 15:48:28,452 - aqt.updater - INFO - updater 44152 Patching C:\Qt\6.8.3\mingw_64\lib\Qt6ExamplesAssetDownloader.prl
2026-06-10 15:48:28,458 - aqt.updater - INFO - updater 44152 Patching C:\Qt\6.8.3\mingw_64\lib\Qt6FbSupport.prl
2026-06-10 15:48:28,465 - aqt.updater - INFO - updater 44152 Patching C:\Qt\6.8.3\mingw_64\lib\Qt6Gui.prl
2026-06-10 15:48:28,472 - aqt.updater - INFO - updater 44152 Patching C:\Qt\6.8.3\mingw_64\lib\Qt6Help.prl
2026-06-10 15:48:28,477 - aqt.updater - INFO - updater 44152 Patching C:\Qt\6.8.3\mingw_64\lib\Qt6LabsAnimation.prl
2026-06-10 15:48:28,483 - aqt.updater - INFO - updater 44152 Patching C:\Qt\6.8.3\mingw_64\lib\Qt6LabsFolderListModel.prl
2026-06-10 15:48:28,489 - aqt.updater - INFO - updater 44152 Patching C:\Qt\6.8.3\mingw_64\lib\Qt6LabsPlatform.prl
2026-06-10 15:48:28,495 - aqt.updater - INFO - updater 44152 Patching C:\Qt\6.8.3\mingw_64\lib\Qt6LabsQmlModels.prl
2026-06-10 15:48:28,501 - aqt.updater - INFO - updater 44152 Patching C:\Qt\6.8.3\mingw_64\lib\Qt6LabsSettings.prl
2026-06-10 15:48:28,506 - aqt.updater - INFO - updater 44152 Patching C:\Qt\6.8.3\mingw_64\lib\Qt6LabsSharedImage.prl
2026-06-10 15:48:28,512 - aqt.updater - INFO - updater 44152 Patching C:\Qt\6.8.3\mingw_64\lib\Qt6LabsWavefrontMesh.prl
2026-06-10 15:48:28,519 - aqt.updater - INFO - updater 44152 Patching C:\Qt\6.8.3\mingw_64\lib\Qt6Network.prl
2026-06-10 15:48:28,527 - aqt.updater - INFO - updater 44152 Patching C:\Qt\6.8.3\mingw_64\lib\Qt6OpenGL.prl
2026-06-10 15:48:28,533 - aqt.updater - INFO - updater 44152 Patching C:\Qt\6.8.3\mingw_64\lib\Qt6OpenGLWidgets.prl
2026-06-10 15:48:28,539 - aqt.updater - INFO - updater 44152 Patching C:\Qt\6.8.3\mingw_64\lib\Qt6PacketProtocol.prl
2026-06-10 15:48:28,544 - aqt.updater - INFO - updater 44152 Patching C:\Qt\6.8.3\mingw_64\lib\Qt6PrintSupport.prl
2026-06-10 15:48:28,550 - aqt.updater - INFO - updater 44152 Patching C:\Qt\6.8.3\mingw_64\lib\Qt6Qml.prl
2026-06-10 15:48:28,556 - aqt.updater - INFO - updater 44152 Patching C:\Qt\6.8.3\mingw_64\lib\Qt6QmlAssetDownloader.prl
2026-06-10 15:48:28,562 - aqt.updater - INFO - updater 44152 Patching C:\Qt\6.8.3\mingw_64\lib\Qt6QmlCompiler.prl
2026-06-10 15:48:28,569 - aqt.updater - INFO - updater 44152 Patching C:\Qt\6.8.3\mingw_64\lib\Qt6QmlCore.prl
2026-06-10 15:48:28,575 - aqt.updater - INFO - updater 44152 Patching C:\Qt\6.8.3\mingw_64\lib\Qt6QmlDebug.prl
2026-06-10 15:48:28,581 - aqt.updater - INFO - updater 44152 Patching C:\Qt\6.8.3\mingw_64\lib\Qt6QmlDom.prl
2026-06-10 15:48:28,587 - aqt.updater - INFO - updater 44152 Patching C:\Qt\6.8.3\mingw_64\lib\Qt6QmlLocalStorage.prl
2026-06-10 15:48:28,592 - aqt.updater - INFO - updater 44152 Patching C:\Qt\6.8.3\mingw_64\lib\Qt6QmlLS.prl
2026-06-10 15:48:28,598 - aqt.updater - INFO - updater 44152 Patching C:\Qt\6.8.3\mingw_64\lib\Qt6QmlMeta.prl
2026-06-10 15:48:28,604 - aqt.updater - INFO - updater 44152 Patching C:\Qt\6.8.3\mingw_64\lib\Qt6QmlModels.prl
2026-06-10 15:48:28,610 - aqt.updater - INFO - updater 44152 Patching C:\Qt\6.8.3\mingw_64\lib\Qt6QmlNetwork.prl
2026-06-10 15:48:28,615 - aqt.updater - INFO - updater 44152 Patching C:\Qt\6.8.3\mingw_64\lib\Qt6QmlToolingSettings.prl
2026-06-10 15:48:28,620 - aqt.updater - INFO - updater 44152 Patching C:\Qt\6.8.3\mingw_64\lib\Qt6QmlTypeRegistrar.prl
2026-06-10 15:48:28,626 - aqt.updater - INFO - updater 44152 Patching C:\Qt\6.8.3\mingw_64\lib\Qt6QmlWorkerScript.prl
2026-06-10 15:48:28,631 - aqt.updater - INFO - updater 44152 Patching C:\Qt\6.8.3\mingw_64\lib\Qt6QmlXmlListModel.prl
2026-06-10 15:48:28,637 - aqt.updater - INFO - updater 44152 Patching C:\Qt\6.8.3\mingw_64\lib\Qt6Quick.prl
2026-06-10 15:48:28,644 - aqt.updater - INFO - updater 44152 Patching C:\Qt\6.8.3\mingw_64\lib\Qt6QuickControls2.prl
2026-06-10 15:48:28,650 - aqt.updater - INFO - updater 44152 Patching C:\Qt\6.8.3\mingw_64\lib\Qt6QuickControls2Basic.prl
2026-06-10 15:48:28,656 - aqt.updater - INFO - updater 44152 Patching C:\Qt\6.8.3\mingw_64\lib\Qt6QuickControls2BasicStyleImpl.prl
2026-06-10 15:48:28,662 - aqt.updater - INFO - updater 44152 Patching C:\Qt\6.8.3\mingw_64\lib\Qt6QuickControls2FluentWinUI3StyleImpl.prl
2026-06-10 15:48:28,668 - aqt.updater - INFO - updater 44152 Patching C:\Qt\6.8.3\mingw_64\lib\Qt6QuickControls2Fusion.prl
2026-06-10 15:48:28,675 - aqt.updater - INFO - updater 44152 Patching C:\Qt\6.8.3\mingw_64\lib\Qt6QuickControls2FusionStyleImpl.prl
2026-06-10 15:48:28,683 - aqt.updater - INFO - updater 44152 Patching C:\Qt\6.8.3\mingw_64\lib\Qt6QuickControls2Imagine.prl
2026-06-10 15:48:28,688 - aqt.updater - INFO - updater 44152 Patching C:\Qt\6.8.3\mingw_64\lib\Qt6QuickControls2ImagineStyleImpl.prl
2026-06-10 15:48:28,694 - aqt.updater - INFO - updater 44152 Patching C:\Qt\6.8.3\mingw_64\lib\Qt6QuickControls2Impl.prl
2026-06-10 15:48:28,700 - aqt.updater - INFO - updater 44152 Patching C:\Qt\6.8.3\mingw_64\lib\Qt6QuickControls2Material.prl
2026-06-10 15:48:28,706 - aqt.updater - INFO - updater 44152 Patching C:\Qt\6.8.3\mingw_64\lib\Qt6QuickControls2MaterialStyleImpl.prl
2026-06-10 15:48:28,713 - aqt.updater - INFO - updater 44152 Patching C:\Qt\6.8.3\mingw_64\lib\Qt6QuickControls2Universal.prl
2026-06-10 15:48:28,720 - aqt.updater - INFO - updater 44152 Patching C:\Qt\6.8.3\mingw_64\lib\Qt6QuickControls2UniversalStyleImpl.prl
2026-06-10 15:48:28,726 - aqt.updater - INFO - updater 44152 Patching C:\Qt\6.8.3\mingw_64\lib\Qt6QuickControls2WindowsStyleImpl.prl
2026-06-10 15:48:28,733 - aqt.updater - INFO - updater 44152 Patching C:\Qt\6.8.3\mingw_64\lib\Qt6QuickControlsTestUtils.prl
2026-06-10 15:48:28,740 - aqt.updater - INFO - updater 44152 Patching C:\Qt\6.8.3\mingw_64\lib\Qt6QuickDialogs2.prl
2026-06-10 15:48:28,746 - aqt.updater - INFO - updater 44152 Patching C:\Qt\6.8.3\mingw_64\lib\Qt6QuickDialogs2QuickImpl.prl
2026-06-10 15:48:28,752 - aqt.updater - INFO - updater 44152 Patching C:\Qt\6.8.3\mingw_64\lib\Qt6QuickDialogs2Utils.prl
2026-06-10 15:48:28,759 - aqt.updater - INFO - updater 44152 Patching C:\Qt\6.8.3\mingw_64\lib\Qt6QuickEffects.prl
2026-06-10 15:48:28,766 - aqt.updater - INFO - updater 44152 Patching C:\Qt\6.8.3\mingw_64\lib\Qt6QuickLayouts.prl
2026-06-10 15:48:28,772 - aqt.updater - INFO - updater 44152 Patching C:\Qt\6.8.3\mingw_64\lib\Qt6QuickParticles.prl
2026-06-10 15:48:28,778 - aqt.updater - INFO - updater 44152 Patching C:\Qt\6.8.3\mingw_64\lib\Qt6QuickShapes.prl
2026-06-10 15:48:28,784 - aqt.updater - INFO - updater 44152 Patching C:\Qt\6.8.3\mingw_64\lib\Qt6QuickTemplates2.prl
2026-06-10 15:48:28,790 - aqt.updater - INFO - updater 44152 Patching C:\Qt\6.8.3\mingw_64\lib\Qt6QuickTest.prl
2026-06-10 15:48:28,796 - aqt.updater - INFO - updater 44152 Patching C:\Qt\6.8.3\mingw_64\lib\Qt6QuickTestUtils.prl
2026-06-10 15:48:28,802 - aqt.updater - INFO - updater 44152 Patching C:\Qt\6.8.3\mingw_64\lib\Qt6QuickVectorImage.prl
2026-06-10 15:48:28,807 - aqt.updater - INFO - updater 44152 Patching C:\Qt\6.8.3\mingw_64\lib\Qt6QuickVectorImageGenerator.prl
2026-06-10 15:48:28,813 - aqt.updater - INFO - updater 44152 Patching C:\Qt\6.8.3\mingw_64\lib\Qt6QuickWidgets.prl
2026-06-10 15:48:28,819 - aqt.updater - INFO - updater 44152 Patching C:\Qt\6.8.3\mingw_64\lib\Qt6Sql.prl
2026-06-10 15:48:28,825 - aqt.updater - INFO - updater 44152 Patching C:\Qt\6.8.3\mingw_64\lib\Qt6Svg.prl
2026-06-10 15:48:28,830 - aqt.updater - INFO - updater 44152 Patching C:\Qt\6.8.3\mingw_64\lib\Qt6SvgWidgets.prl
2026-06-10 15:48:28,836 - aqt.updater - INFO - updater 44152 Patching C:\Qt\6.8.3\mingw_64\lib\Qt6Test.prl
2026-06-10 15:48:28,843 - aqt.updater - INFO - updater 44152 Patching C:\Qt\6.8.3\mingw_64\lib\Qt6UiTools.prl
2026-06-10 15:48:28,850 - aqt.updater - INFO - updater 44152 Patching C:\Qt\6.8.3\mingw_64\lib\Qt6Widgets.prl
2026-06-10 15:48:28,857 - aqt.updater - INFO - updater 44152 Patching C:\Qt\6.8.3\mingw_64\lib\Qt6Xml.prl
2026-06-10 15:48:28,865 - aqt.main - INFO - installer 44152 Finished installation
2026-06-10 15:48:28,866 - aqt.main - INFO - installer 44152 Time elapsed: 188.25982170 second
2026-06-10 15:53:44,326 - aqt.helper - DEBUG - helper 32408 Attempt to download checksum at https://download.qt.io/online/qtsdkrepository/windows_x86/desktop/tools_mingw1310/Updates.xml.sha256
2026-06-10 15:54:21,620 - aqt.main - INFO - installer 12220 aqtinstall(aqt) v3.3.0 on Python 3.13.7 [CPython MSC v.1944 64 bit (AMD64)]
2026-06-10 15:54:21,621 - aqt.helper - DEBUG - helper 12220 Attempt to download checksum at https://download.qt.io/online/qtsdkrepository/windows_x86/desktop/tools_mingw1310/Updates.xml.sha256
2026-06-10 15:54:26,008 - aqt.helper - DEBUG - helper 14456 Attempt to download checksum at https://download.qt.io/online/qtsdkrepository/windows_x86/desktop/tools_mingw1310/qt.tools.win64_mingw1310/13.1.0-202407240918mingw1310.7z.sha256
2026-06-10 15:54:27,836 - aqt.helper - INFO - helper 14456 Downloading qt.tools.win64_mingw1310...
2026-06-10 15:54:27,836 - aqt.installer - DEBUG - installer 14456 Download URL: https://download.qt.io/online/qtsdkrepository/windows_x86/desktop/tools_mingw1310/qt.tools.win64_mingw1310/13.1.0-202407240918mingw1310.7z
2026-06-10 15:54:29,475 - aqt.helper - DEBUG - helper 14456 Asked to redirect(302) to: https://mirrors.sau.edu.cn/qt/online/qtsdkrepository/windows_x86/desktop/tools_mingw1310/qt.tools.win64_mingw1310/13.1.0-202407240918mingw1310.7z
2026-06-10 15:54:29,475 - aqt.helper - INFO - helper 14456 Redirected: mirrors.sau.edu.cn
2026-06-10 15:57:46,076 - aqt.installer - INFO - installer 14456 Finished installation of mingw1310.7z in 200.07076300
2026-06-10 15:57:46,182 - aqt.main - INFO - installer 12220 Finished installation
2026-06-10 15:57:46,182 - aqt.main - INFO - installer 12220 Time elapsed: 204.56199290 second
